 ===================>     TALLY 20: LEAKAGE_CURRENT     <===================

 Surface 60
   Collision Number 0
     Incoming Energy [0, 100000)
       Total Material
         Current                              0 +/- 0
     Incoming Energy [100000, 1000000)
       Total Material
         Current                              0 +/- 0
     Incoming Energy [1000000, 20000000)
       Total Material
         Current                              -4.64e-05 +/- 1.6601e-06
   Collision Number 1
     Incoming Energy [0, 100000)
       Total Material
         Current                              -4.26667e-06 +/- 6.32025e-07
     Incoming Energy [100000, 1000000)
       Total Material
         Current                              -2.58667e-05 +/- 1.41761e-06
     Incoming Energy [1000000, 20000000)
       Total Material
         Current                              -2.52667e-05 +/- 1.1232e-06
   Collision Number 2
     Incoming Energy [0, 100000)
       Total Material
         Current                              -1.67333e-05 +/- 1.01011e-06
     Incoming Energy [100000, 1000000)
       Total Material
         Current                              -1.53333e-05 +/- 1.09005e-06
     Incoming Energy [1000000, 20000000)
       Total Material
         Current                              -1.33333e-05 +/- 8.88322e-07
   Collision Number 3
     Incoming Energy [0, 100000)
       Total Material
         Current                              -1.95333e-05 +/- 9.98911e-07
     Incoming Energy [100000, 1000000)
       Total Material
         Current                              -6.73333e-06 +/- 6.20803e-07
     Incoming Energy [1000000, 20000000)
       Total Material
         Current                              -7.6e-06 +/- 7.06561e-07
   Collision Number 4
     Incoming Energy [0, 100000)
       Total Material
         Current                              -1.88667e-05 +/- 1.31832e-06
     Incoming Energy [100000, 1000000)
       Total Material
         Current                              -3.73333e-06 +/- 5.84299e-07
     Incoming Energy [1000000, 20000000)
       Total Material
         Current                              -3.53333e-06 +/- 4.08637e-07
